// Jest Snapshot v1, https://goo.gl/fbAQLP

exports[`Test suite for Main home component should match snapshot 1`] = `ShallowWrapper {}`;
