// Jest Snapshot v1, https://goo.gl/fbAQLP

exports[`Test suite for text field fnc should render the component 1`] = `ShallowWrapper {}`;
